../Core/Src/main.c:110:6:Task_ReadFrequency	8	static
../Core/Src/main.c:116:6:Task_ReadDHT	8	static
../Core/Src/main.c:121:6:Task_LCD_Display	16	static
../Core/Src/main.c:131:6:Task_UART_Send	104	static
../Core/Src/main.c:188:8:HandleEvent	16	static
../Core/Src/main.c:146:5:main	16	static
../Core/Src/main.c:236:6:SystemClock_Config	72	static
../Core/Src/main.c:276:6:MX_I2C2_Init	8	static
../Core/Src/main.c:310:6:MX_TIM1_Init	32	static
../Core/Src/main.c:356:6:MX_TIM2_Init	48	static
../Core/Src/main.c:410:6:MX_TIM3_Init	32	static
../Core/Src/main.c:458:6:MX_TIM4_Init	48	static
../Core/Src/main.c:516:6:MX_USART2_UART_Init	8	static
../Core/Src/main.c:549:6:MX_GPIO_Init	40	static
../Core/Src/main.c:582:6:Error_Handler	4	static
