../Driver_Layer/UART/my_uart.c:37:6:UART_SendString	16	static
../Driver_Layer/UART/my_uart.c:42:6:UART_SendInt	32	static
../Driver_Layer/UART/my_uart.c:49:6:UART_SendFloat	72	static
../Driver_Layer/UART/my_uart.c:59:6:UART_StartReceive_IT	8	static
../Driver_Layer/UART/my_uart.c:85:6:event_queue_push	24	static
../Driver_Layer/UART/my_uart.c:94:11:event_queue_pop	24	static
../Driver_Layer/UART/my_uart.c:102:6:HAL_UART_RxCpltCallback	16	static
../Driver_Layer/UART/my_uart.c:122:6:UART_ProcessReceivedData	88	static
