../Driver_Layer/UART/my_uart.c:25:6:UART_SendString	16	static
../Driver_Layer/UART/my_uart.c:30:6:UART_SendInt	32	static
../Driver_Layer/UART/my_uart.c:37:6:UART_SendFloat	72	static
../Driver_Layer/UART/my_uart.c:47:6:UART_StartReceive_IT	8	static
../Driver_Layer/UART/my_uart.c:73:6:event_queue_push	24	static
../Driver_Layer/UART/my_uart.c:82:11:event_queue_pop	24	static
../Driver_Layer/UART/my_uart.c:90:6:HAL_UART_RxCpltCallback	16	static
../Driver_Layer/UART/my_uart.c:110:6:UART_ProcessReceivedData	16	static
