../Core/Src/main.c:127:5:main	192	static
../Core/Src/main.c:254:6:SystemClock_Config	72	static
../Core/Src/main.c:294:6:MX_I2C2_Init	8	static
../Core/Src/main.c:328:6:MX_TIM1_Init	32	static
../Core/Src/main.c:374:7:MX_TIM2_Init	48	static
../Core/Src/main.c:428:6:MX_TIM3_Init	32	static
../Core/Src/main.c:476:6:MX_TIM4_Init	48	static
../Core/Src/main.c:534:6:MX_USART2_UART_Init	8	static
../Core/Src/main.c:567:6:MX_GPIO_Init	40	static
../Core/Src/main.c:603:6:StartDefaultTask	16	static
../Core/Src/main.c:758:6:StartTask_Sensor_Dht	24	static
../Core/Src/main.c:774:6:StartTaskFre_1	16	static
../Core/Src/main.c:786:6:StartTaskFre_2	16	static
../Core/Src/main.c:798:6:StartTask05	48	static
../Core/Src/main.c:814:6:StartTaskUart	40	static
../Core/Src/main.c:839:6:Error_Handler	4	static
