../Core/Src/main.c:85:6:HAL_TIM_PeriodElapsedCallback	16	static
../Core/Src/main.c:95:6:Task_ReadFrequency	8	static
../Core/Src/main.c:101:6:Task_ReadDHT	8	static
../Core/Src/main.c:106:6:Task_LCD_Display	16	static
../Core/Src/main.c:116:6:Task_UART_Send	104	static
../Core/Src/main.c:127:6:App_ExecutePeriodicTasks	8	static
../Core/Src/main.c:140:5:main	8	static
../Core/Src/main.c:204:6:SystemClock_Config	72	static
../Core/Src/main.c:244:13:MX_I2C2_Init	8	static
../Core/Src/main.c:278:13:MX_TIM1_Init	32	static
../Core/Src/main.c:324:13:MX_TIM2_Init	48	static
../Core/Src/main.c:378:13:MX_TIM3_Init	32	static
../Core/Src/main.c:426:13:MX_TIM4_Init	48	static
../Core/Src/main.c:484:13:MX_USART2_UART_Init	8	static
../Core/Src/main.c:517:13:MX_GPIO_Init	40	static
../Core/Src/main.c:550:6:Error_Handler	4	static
